=== LOCAL TEST: B4 / ProcId 0 / 1 events ===
    Scratch: /tmp/pleguina_omtf_localtest_B4_0
Fri May  8 04:09:34 PM CEST 2026
Config patched: B4/0, 1 events -> omtf_hits_B4_0_localtest.root, omtf_nano_B4_0_localtest.root
Starting cmsRun...
Fri May  8 16:09:35 CEST 2026

**************************************************************
 Geant4 version Name: geant4-11-02-patch-02 [MT]   (21-June-2024)
  << in Multi-threaded mode >> 
                       Copyright : Geant4 Collaboration
                      References : NIM A 506 (2003), 250-303
                                 : IEEE-TNS 53 (2006), 270-278
                                 : NIM A 835 (2016), 186-225
                             WWW : http://geant4.org/
**************************************************************

08-May-2026 16:09:48 CEST  Initiating request to open file root://eoscms.cern.ch//eos/cms/store/mc/Phase2Spring24GS/MinBias_TuneCP5_14TeV-pythia8/GEN-SIM/140X_mcRun4_realistic_v4-v1/2520002/59c1c5ea-88c4-40cb-acf1-6a67f2ca105b.root
08-May-2026 16:09:51 CEST  Successfully opened file root://eoscms.cern.ch//eos/cms/store/mc/Phase2Spring24GS/MinBias_TuneCP5_14TeV-pythia8/GEN-SIM/140X_mcRun4_realistic_v4-v1/2520002/59c1c5ea-88c4-40cb-acf1-6a67f2ca105b.root
constructing InputMakerPhase2
 using Phase2 DT trigger primitives
 CandidateSimMuonMatcher: using muonMatcherFileName /afs/cern.ch/user/p/pleguina/CMSSW_14_2_0_pre2/src/L1Trigger/L1TMuon/data/omtf_config/muonMatcherHists_100files_smoothStdDev_withOvf.root
 CandidateSimMuonMatcher: candidateSimMuonMatcherType simpleMatching
 CandidateSimMuonMatcher: matchingType 2
Begin processing the 1st record. Run 1, Event 1, LumiSection 1 on stream 0 at 08-May-2026 16:11:01.383 CEST
08-May-2026 16:11:07 CEST  Closed file root://eoscms.cern.ch//eos/cms/store/mc/Phase2Spring24GS/MinBias_TuneCP5_14TeV-pythia8/GEN-SIM/140X_mcRun4_realistic_v4-v1/2520002/59c1c5ea-88c4-40cb-acf1-6a67f2ca105b.root
08-May-2026 16:11:07 CEST  Initiating request to open file root://eoscms.cern.ch//eos/cms/store/mc/Phase2Spring24GS/MinBias_TuneCP5_14TeV-pythia8/GEN-SIM/140X_mcRun4_realistic_v4-v1/2520001/7e41bfe6-3602-4fc7-880f-3e1a088fe632.root
08-May-2026 16:11:09 CEST  Successfully opened file root://eoscms.cern.ch//eos/cms/store/mc/Phase2Spring24GS/MinBias_TuneCP5_14TeV-pythia8/GEN-SIM/140X_mcRun4_realistic_v4-v1/2520001/7e41bfe6-3602-4fc7-880f-3e1a088fe632.root
%MSG-w GEMClusterProcessor:   CSCTriggerPrimitivesProducer:simCscTriggerPrimitiveDigis  08-May-2026 16:11:52 CEST Run: 1 Event: 1
Encountered unphysical GEM pads when making a single cluster, resetting cluster to empty.
%MSG
%MSG-w GEMClusterProcessor:   CSCTriggerPrimitivesProducer:simCscTriggerPrimitiveDigis  08-May-2026 16:11:52 CEST Run: 1 Event: 1
Encountered unphysical GEM pads when making a single cluster, resetting cluster to empty.
%MSG
%MSG-w GEMClusterProcessor:   CSCTriggerPrimitivesProducer:simCscTriggerPrimitiveDigis  08-May-2026 16:11:52 CEST Run: 1 Event: 1
Encountered unphysical GEM pads when making a single cluster, resetting cluster to empty.
%MSG
%MSG-w GEMClusterProcessor:   CSCTriggerPrimitivesProducer:simCscTriggerPrimitiveDigis  08-May-2026 16:11:52 CEST Run: 1 Event: 1
Encountered unphysical GEM pads when making a single cluster, resetting cluster to empty.
%MSG
%MSG-w GEMClusterProcessor:   CSCTriggerPrimitivesProducer:simCscTriggerPrimitiveDigis  08-May-2026 16:11:52 CEST Run: 1 Event: 1
Encountered unphysical GEM pads when making a single cluster, resetting cluster to empty.
%MSG
%MSG-w GEMClusterProcessor:   CSCTriggerPrimitivesProducer:simCscTriggerPrimitiveDigis  08-May-2026 16:11:52 CEST Run: 1 Event: 1
Encountered unphysical GEM pads when making a single cluster, resetting cluster to empty.
%MSG
%MSG-w GEMClusterProcessor:   CSCTriggerPrimitivesProducer:simCscTriggerPrimitiveDigis  08-May-2026 16:11:52 CEST Run: 1 Event: 1
Encountered unphysical GEM pads when making a single cluster, resetting cluster to empty.
%MSG
%MSG-w GEMClusterProcessor:   CSCTriggerPrimitivesProducer:simCscTriggerPrimitiveDigis  08-May-2026 16:11:52 CEST Run: 1 Event: 1
Encountered unphysical GEM pads when making a single cluster, resetting cluster to empty.
%MSG
%MSG-w GEMClusterProcessor:   CSCTriggerPrimitivesProducer:simCscTriggerPrimitiveDigis  08-May-2026 16:11:52 CEST Run: 1 Event: 1
Encountered unphysical GEM pads when making a single cluster, resetting cluster to empty.
%MSG
%MSG-w GEMClusterProcessor:   CSCTriggerPrimitivesProducer:simCscTriggerPrimitiveDigis  08-May-2026 16:11:52 CEST Run: 1 Event: 1
Encountered unphysical GEM pads when making a single cluster, resetting cluster to empty.
%MSG
%MSG-w GEMClusterProcessor:   CSCTriggerPrimitivesProducer:simCscTriggerPrimitiveDigis  08-May-2026 16:11:52 CEST Run: 1 Event: 1
Encountered unphysical GEM pads when making a single cluster, resetting cluster to empty.
%MSG
08-May-2026 16:11:54 CEST  Closed file root://eoscms.cern.ch//eos/cms/store/mc/Phase2Spring24GS/MinBias_TuneCP5_14TeV-pythia8/GEN-SIM/140X_mcRun4_realistic_v4-v1/2520001/7e41bfe6-3602-4fc7-880f-3e1a088fe632.root

------------------------------------
GenXsecAnalyzer:
------------------------------------
-------------------------------------------------------------------------------------------------------------------------------------------------------------------------- 
Overall cross-section summary 
--------------------------------------------------------------------------------------------------------------------------------------------------------------------------
Process		xsec_before [pb]		passed	nposw	nnegw	tried	nposw	nnegw 	xsec_match [pb]			accepted [%]	 event_eff [%]
-------------------------------------------------------------------------------------------------------------------------------------------------------------------------- 
Total		0.000e+00 +/- 0.000e+00		0	0	0	0	0	0	-0.000e+00 +/- 0.000e+00		-100.0 +/- -100.0	-100.0 +/- -100.0
--------------------------------------------------------------------------------------------------------------------------------------------------------------------------
Before matching: total cross section = 0.000e+00 +- 0.000e+00 pb
After matching: total cross section = -0.000e+00 +- 0.000e+00 pb
Matching efficiency = -1.0 +/- -1.0   [TO BE USED IN MCM]

After filter: final cross section = 0.000e+00 +- 0.000e+00 pb
After filter: final fraction of events with negative weights = 0.000e+00 +- 0.000e+00
After filter: final equivalent lumi for 1M events (1/fb) = 0.000e+00 +- 0.000e+00
cmsRun finished with exit code 0
Fri May  8 16:11:55 CEST 2026
SUCCESS. OMTF output: /tmp/pleguina_omtf_localtest_B4_0/omtf_hits_B4_0_localtest.root
SUCCESS. Nano output: /tmp/pleguina_omtf_localtest_B4_0/omtf_nano_B4_0_localtest.root
Log: /tmp/pleguina_omtf_localtest_B4_0/cmsrun_B4_0.log
-rw-r--r--. 1 pleguina zh 244K May  8 16:11 /tmp/pleguina_omtf_localtest_B4_0/B4_0_localtest.root
-rw-r--r--. 1 pleguina zh  17K May  8 16:11 /tmp/pleguina_omtf_localtest_B4_0/omtf_hits_B4_0_localtest.root
-rw-r--r--. 1 pleguina zh 198K May  8 16:11 /tmp/pleguina_omtf_localtest_B4_0/omtf_nano_B4_0_localtest.root
